// Jest Snapshot v1, https://goo.gl/fbAQLP

exports[`renders correctly 1`] = `
<RCTScrollView
  style={
    Object {
      "backgroundColor": "#eeeeee",
    }
  }
>
  <View />
</RCTScrollView>
`;
